[miranda-suite-bus] Running case: shared_read_only (protocol=MSI)
l2cache: No MSHR lookup latency provided (mshr_latency_cycles)...intrapolated to 2 cycles.
    Counter[l1cache3] inv=0 interv=0 getS_sent=8 getX_sent=0 getSX_sent=0 trans=8 I->S=8 I->E=0 I->M=0 S->I=0 S->E=0 S->M=0 E->I=0 E->S=0 E->M=0 M->I=0 M->S=0 M->E=0
    Counter[l1cache2] inv=0 interv=0 getS_sent=8 getX_sent=0 getSX_sent=0 trans=8 I->S=8 I->E=0 I->M=0 S->I=0 S->E=0 S->M=0 E->I=0 E->S=0 E->M=0 M->I=0 M->S=0 M->E=0
    Counter[l1cache1] inv=0 interv=0 getS_sent=8 getX_sent=0 getSX_sent=0 trans=8 I->S=8 I->E=0 I->M=0 S->I=0 S->E=0 S->M=0 E->I=0 E->S=0 E->M=0 M->I=0 M->S=0 M->E=0
    Counter[l1cache0] inv=0 interv=0 getS_sent=8 getX_sent=0 getSX_sent=0 trans=8 I->S=8 I->E=0 I->M=0 S->I=0 S->E=0 S->M=0 E->I=0 E->S=0 E->M=0 M->I=0 M->S=0 M->E=0
 core0.read_reqs : Accumulator : Sum.u64 = 2000; SumSQ.u64 = 2000; Count.u64 = 2000; Min.u64 = 1; Max.u64 = 1; 
 core0.write_reqs : Accumulator : Sum.u64 = 0; SumSQ.u64 = 0; Count.u64 = 0; Min.u64 = 0; Max.u64 = 0; 
 core0.custom_reqs : Accumulator : Sum.u64 = 0; SumSQ.u64 = 0; Count.u64 = 0; Min.u64 = 0; Max.u64 = 0; 
 core0.split_read_reqs : Accumulator : Sum.u64 = 0; SumSQ.u64 = 0; Count.u64 = 0; Min.u64 = 0; Max.u64 = 0; 
 core0.split_write_reqs : Accumulator : Sum.u64 = 0; SumSQ.u64 = 0; Count.u64 = 0; Min.u64 = 0; Max.u64 = 0; 
 core0.split_custom_reqs : Accumulator : Sum.u64 = 0; SumSQ.u64 = 0; Count.u64 = 0; Min.u64 = 0; Max.u64 = 0; 
 core0.cycles_with_issue : Accumulator : Sum.u64 = 1341; SumSQ.u64 = 1341; Count.u64 = 1341; Min.u64 = 1; Max.u64 = 1; 
 core0.cycles_no_issue : Accumulator : Sum.u64 = 14180; SumSQ.u64 = 14180; Count.u64 = 14180; Min.u64 = 1; Max.u64 = 1; 
 core0.total_bytes_read : Accumulator : Sum.u64 = 16000; SumSQ.u64 = 128000; Count.u64 = 2000; Min.u64 = 8; Max.u64 = 8; 
 core0.total_bytes_write : Accumulator : Sum.u64 = 0; SumSQ.u64 = 0; Count.u64 = 0; Min.u64 = 0; Max.u64 = 0; 
 core0.total_bytes_custom : Accumulator : Sum.u64 = 0; SumSQ.u64 = 0; Count.u64 = 0; Min.u64 = 0; Max.u64 = 0; 
 core0.req_latency : Accumulator : Sum.u64 = 70787; SumSQ.u64 = 65404397; Count.u64 = 2000; Min.u64 = 1; Max.u64 = 1013; 
 core0.time : Accumulator : Sum.u64 = 4439; SumSQ.u64 = 19704721; Count.u64 = 1; Min.u64 = 4439; Max.u64 = 4439; 
 core0.cycles_hit_fence : Accumulator : Sum.u64 = 0; SumSQ.u64 = 0; Count.u64 = 0; Min.u64 = 0; Max.u64 = 0; 
 core0.cycles_max_issue : Accumulator : Sum.u64 = 659; SumSQ.u64 = 659; Count.u64 = 659; Min.u64 = 1; Max.u64 = 1; 
 core0.cycles_max_reorder : Accumulator : Sum.u64 = 0; SumSQ.u64 = 0; Count.u64 = 0; Min.u64 = 0; Max.u64 = 0; 
 core0.cycles : Accumulator : Sum.u64 = 15522; SumSQ.u64 = 15522; Count.u64 = 15522; Min.u64 = 1; Max.u64 = 1; 
 core1.read_reqs : Accumulator : Sum.u64 = 2000; SumSQ.u64 = 2000; Count.u64 = 2000; Min.u64 = 1; Max.u64 = 1; 
 core1.write_reqs : Accumulator : Sum.u64 = 0; SumSQ.u64 = 0; Count.u64 = 0; Min.u64 = 0; Max.u64 = 0; 
 core1.custom_reqs : Accumulator : Sum.u64 = 0; SumSQ.u64 = 0; Count.u64 = 0; Min.u64 = 0; Max.u64 = 0; 
 core1.split_read_reqs : Accumulator : Sum.u64 = 0; SumSQ.u64 = 0; Count.u64 = 0; Min.u64 = 0; Max.u64 = 0; 
 core1.split_write_reqs : Accumulator : Sum.u64 = 0; SumSQ.u64 = 0; Count.u64 = 0; Min.u64 = 0; Max.u64 = 0; 
 core1.split_custom_reqs : Accumulator : Sum.u64 = 0; SumSQ.u64 = 0; Count.u64 = 0; Min.u64 = 0; Max.u64 = 0; 
 core1.cycles_with_issue : Accumulator : Sum.u64 = 1341; SumSQ.u64 = 1341; Count.u64 = 1341; Min.u64 = 1; Max.u64 = 1; 
 core1.cycles_no_issue : Accumulator : Sum.u64 = 14181; SumSQ.u64 = 14181; Count.u64 = 14181; Min.u64 = 1; Max.u64 = 1; 
 core1.total_bytes_read : Accumulator : Sum.u64 = 16000; SumSQ.u64 = 128000; Count.u64 = 2000; Min.u64 = 8; Max.u64 = 8; 
 core1.total_bytes_write : Accumulator : Sum.u64 = 0; SumSQ.u64 = 0; Count.u64 = 0; Min.u64 = 0; Max.u64 = 0; 
 core1.total_bytes_custom : Accumulator : Sum.u64 = 0; SumSQ.u64 = 0; Count.u64 = 0; Min.u64 = 0; Max.u64 = 0; 
 core1.req_latency : Accumulator : Sum.u64 = 70787; SumSQ.u64 = 65408439; Count.u64 = 2000; Min.u64 = 1; Max.u64 = 1014; 
 core1.time : Accumulator : Sum.u64 = 4439; SumSQ.u64 = 19704721; Count.u64 = 1; Min.u64 = 4439; Max.u64 = 4439; 
 core1.cycles_hit_fence : Accumulator : Sum.u64 = 0; SumSQ.u64 = 0; Count.u64 = 0; Min.u64 = 0; Max.u64 = 0; 
 core1.cycles_max_issue : Accumulator : Sum.u64 = 659; SumSQ.u64 = 659; Count.u64 = 659; Min.u64 = 1; Max.u64 = 1; 
 core1.cycles_max_reorder : Accumulator : Sum.u64 = 0; SumSQ.u64 = 0; Count.u64 = 0; Min.u64 = 0; Max.u64 = 0; 
 core1.cycles : Accumulator : Sum.u64 = 15523; SumSQ.u64 = 15523; Count.u64 = 15523; Min.u64 = 1; Max.u64 = 1; 
 core2.read_reqs : Accumulator : Sum.u64 = 2000; SumSQ.u64 = 2000; Count.u64 = 2000; Min.u64 = 1; Max.u64 = 1; 
 core2.write_reqs : Accumulator : Sum.u64 = 0; SumSQ.u64 = 0; Count.u64 = 0; Min.u64 = 0; Max.u64 = 0; 
 core2.custom_reqs : Accumulator : Sum.u64 = 0; SumSQ.u64 = 0; Count.u64 = 0; Min.u64 = 0; Max.u64 = 0; 
 core2.split_read_reqs : Accumulator : Sum.u64 = 0; SumSQ.u64 = 0; Count.u64 = 0; Min.u64 = 0; Max.u64 = 0; 
 core2.split_write_reqs : Accumulator : Sum.u64 = 0; SumSQ.u64 = 0; Count.u64 = 0; Min.u64 = 0; Max.u64 = 0; 
 core2.split_custom_reqs : Accumulator : Sum.u64 = 0; SumSQ.u64 = 0; Count.u64 = 0; Min.u64 = 0; Max.u64 = 0; 
 core2.cycles_with_issue : Accumulator : Sum.u64 = 1341; SumSQ.u64 = 1341; Count.u64 = 1341; Min.u64 = 1; Max.u64 = 1; 
 core2.cycles_no_issue : Accumulator : Sum.u64 = 14182; SumSQ.u64 = 14182; Count.u64 = 14182; Min.u64 = 1; Max.u64 = 1; 
 core2.total_bytes_read : Accumulator : Sum.u64 = 16000; SumSQ.u64 = 128000; Count.u64 = 2000; Min.u64 = 8; Max.u64 = 8; 
 core2.total_bytes_write : Accumulator : Sum.u64 = 0; SumSQ.u64 = 0; Count.u64 = 0; Min.u64 = 0; Max.u64 = 0; 
 core2.total_bytes_custom : Accumulator : Sum.u64 = 0; SumSQ.u64 = 0; Count.u64 = 0; Min.u64 = 0; Max.u64 = 0; 
 core2.req_latency : Accumulator : Sum.u64 = 70799; SumSQ.u64 = 65424665; Count.u64 = 2000; Min.u64 = 1; Max.u64 = 1014; 
 core2.time : Accumulator : Sum.u64 = 4439; SumSQ.u64 = 19704721; Count.u64 = 1; Min.u64 = 4439; Max.u64 = 4439; 
 core2.cycles_hit_fence : Accumulator : Sum.u64 = 0; SumSQ.u64 = 0; Count.u64 = 0; Min.u64 = 0; Max.u64 = 0; 
 core2.cycles_max_issue : Accumulator : Sum.u64 = 659; SumSQ.u64 = 659; Count.u64 = 659; Min.u64 = 1; Max.u64 = 1; 
 core2.cycles_max_reorder : Accumulator : Sum.u64 = 0; SumSQ.u64 = 0; Count.u64 = 0; Min.u64 = 0; Max.u64 = 0; 
 core2.cycles : Accumulator : Sum.u64 = 15524; SumSQ.u64 = 15524; Count.u64 = 15524; Min.u64 = 1; Max.u64 = 1; 
 core3.read_reqs : Accumulator : Sum.u64 = 2000; SumSQ.u64 = 2000; Count.u64 = 2000; Min.u64 = 1; Max.u64 = 1; 
 core3.write_reqs : Accumulator : Sum.u64 = 0; SumSQ.u64 = 0; Count.u64 = 0; Min.u64 = 0; Max.u64 = 0; 
 core3.custom_reqs : Accumulator : Sum.u64 = 0; SumSQ.u64 = 0; Count.u64 = 0; Min.u64 = 0; Max.u64 = 0; 
 core3.split_read_reqs : Accumulator : Sum.u64 = 0; SumSQ.u64 = 0; Count.u64 = 0; Min.u64 = 0; Max.u64 = 0; 
 core3.split_write_reqs : Accumulator : Sum.u64 = 0; SumSQ.u64 = 0; Count.u64 = 0; Min.u64 = 0; Max.u64 = 0; 
 core3.split_custom_reqs : Accumulator : Sum.u64 = 0; SumSQ.u64 = 0; Count.u64 = 0; Min.u64 = 0; Max.u64 = 0; 
 core3.cycles_with_issue : Accumulator : Sum.u64 = 1341; SumSQ.u64 = 1341; Count.u64 = 1341; Min.u64 = 1; Max.u64 = 1; 
 core3.cycles_no_issue : Accumulator : Sum.u64 = 14183; SumSQ.u64 = 14183; Count.u64 = 14183; Min.u64 = 1; Max.u64 = 1; 
 core3.total_bytes_read : Accumulator : Sum.u64 = 16000; SumSQ.u64 = 128000; Count.u64 = 2000; Min.u64 = 8; Max.u64 = 8; 
 core3.total_bytes_write : Accumulator : Sum.u64 = 0; SumSQ.u64 = 0; Count.u64 = 0; Min.u64 = 0; Max.u64 = 0; 
 core3.total_bytes_custom : Accumulator : Sum.u64 = 0; SumSQ.u64 = 0; Count.u64 = 0; Min.u64 = 0; Max.u64 = 0; 
 core3.req_latency : Accumulator : Sum.u64 = 70800; SumSQ.u64 = 65432736; Count.u64 = 2000; Min.u64 = 1; Max.u64 = 1014; 
 core3.time : Accumulator : Sum.u64 = 4440; SumSQ.u64 = 19713600; Count.u64 = 1; Min.u64 = 4440; Max.u64 = 4440; 
 core3.cycles_hit_fence : Accumulator : Sum.u64 = 0; SumSQ.u64 = 0; Count.u64 = 0; Min.u64 = 0; Max.u64 = 0; 
 core3.cycles_max_issue : Accumulator : Sum.u64 = 659; SumSQ.u64 = 659; Count.u64 = 659; Min.u64 = 1; Max.u64 = 1; 
 core3.cycles_max_reorder : Accumulator : Sum.u64 = 0; SumSQ.u64 = 0; Count.u64 = 0; Min.u64 = 0; Max.u64 = 0; 
 core3.cycles : Accumulator : Sum.u64 = 15525; SumSQ.u64 = 15525; Count.u64 = 15525; Min.u64 = 1; Max.u64 = 1; 
Simulation is complete, simulated time: 4.44015 us
