[miranda-suite-bus] Running case: disjoint_read_then_write (protocol=MSI)
l2cache: No MSHR lookup latency provided (mshr_latency_cycles)...intrapolated to 2 cycles.
    Counter[l1cache3] inv=0 interv=0 getS_sent=8 getX_sent=8 getSX_sent=0 trans=16 I->S=8 I->E=0 I->M=0 S->I=0 S->E=0 S->M=8 E->I=0 E->S=0 E->M=0 M->I=0 M->S=0 M->E=0
    Counter[l1cache2] inv=0 interv=0 getS_sent=8 getX_sent=8 getSX_sent=0 trans=16 I->S=8 I->E=0 I->M=0 S->I=0 S->E=0 S->M=8 E->I=0 E->S=0 E->M=0 M->I=0 M->S=0 M->E=0
    Counter[l1cache1] inv=0 interv=0 getS_sent=8 getX_sent=8 getSX_sent=0 trans=16 I->S=8 I->E=0 I->M=0 S->I=0 S->E=0 S->M=8 E->I=0 E->S=0 E->M=0 M->I=0 M->S=0 M->E=0
    Counter[l1cache0] inv=0 interv=0 getS_sent=8 getX_sent=8 getSX_sent=0 trans=16 I->S=8 I->E=0 I->M=0 S->I=0 S->E=0 S->M=8 E->I=0 E->S=0 E->M=0 M->I=0 M->S=0 M->E=0
 core0.read_reqs : Accumulator : Sum.u64 = 64; SumSQ.u64 = 64; Count.u64 = 64; Min.u64 = 1; Max.u64 = 1; 
 core0.write_reqs : Accumulator : Sum.u64 = 64; SumSQ.u64 = 64; Count.u64 = 64; Min.u64 = 1; Max.u64 = 1; 
 core0.custom_reqs : Accumulator : Sum.u64 = 0; SumSQ.u64 = 0; Count.u64 = 0; Min.u64 = 0; Max.u64 = 0; 
 core0.split_read_reqs : Accumulator : Sum.u64 = 0; SumSQ.u64 = 0; Count.u64 = 0; Min.u64 = 0; Max.u64 = 0; 
 core0.split_write_reqs : Accumulator : Sum.u64 = 0; SumSQ.u64 = 0; Count.u64 = 0; Min.u64 = 0; Max.u64 = 0; 
 core0.split_custom_reqs : Accumulator : Sum.u64 = 0; SumSQ.u64 = 0; Count.u64 = 0; Min.u64 = 0; Max.u64 = 0; 
 core0.cycles_with_issue : Accumulator : Sum.u64 = 114; SumSQ.u64 = 114; Count.u64 = 114; Min.u64 = 1; Max.u64 = 1; 
 core0.cycles_no_issue : Accumulator : Sum.u64 = 14073; SumSQ.u64 = 14073; Count.u64 = 14073; Min.u64 = 1; Max.u64 = 1; 
 core0.total_bytes_read : Accumulator : Sum.u64 = 512; SumSQ.u64 = 4096; Count.u64 = 64; Min.u64 = 8; Max.u64 = 8; 
 core0.total_bytes_write : Accumulator : Sum.u64 = 512; SumSQ.u64 = 4096; Count.u64 = 64; Min.u64 = 8; Max.u64 = 8; 
 core0.total_bytes_custom : Accumulator : Sum.u64 = 0; SumSQ.u64 = 0; Count.u64 = 0; Min.u64 = 0; Max.u64 = 0; 
 core0.req_latency : Accumulator : Sum.u64 = 65156; SumSQ.u64 = 65443240; Count.u64 = 128; Min.u64 = 6; Max.u64 = 1016; 
 core0.time : Accumulator : Sum.u64 = 4057; SumSQ.u64 = 16459249; Count.u64 = 1; Min.u64 = 4057; Max.u64 = 4057; 
 core0.cycles_hit_fence : Accumulator : Sum.u64 = 0; SumSQ.u64 = 0; Count.u64 = 0; Min.u64 = 0; Max.u64 = 0; 
 core0.cycles_max_issue : Accumulator : Sum.u64 = 14; SumSQ.u64 = 14; Count.u64 = 14; Min.u64 = 1; Max.u64 = 1; 
 core0.cycles_max_reorder : Accumulator : Sum.u64 = 3591; SumSQ.u64 = 3591; Count.u64 = 3591; Min.u64 = 1; Max.u64 = 1; 
 core0.cycles : Accumulator : Sum.u64 = 14188; SumSQ.u64 = 14188; Count.u64 = 14188; Min.u64 = 1; Max.u64 = 1; 
 core1.read_reqs : Accumulator : Sum.u64 = 64; SumSQ.u64 = 64; Count.u64 = 64; Min.u64 = 1; Max.u64 = 1; 
 core1.write_reqs : Accumulator : Sum.u64 = 64; SumSQ.u64 = 64; Count.u64 = 64; Min.u64 = 1; Max.u64 = 1; 
 core1.custom_reqs : Accumulator : Sum.u64 = 0; SumSQ.u64 = 0; Count.u64 = 0; Min.u64 = 0; Max.u64 = 0; 
 core1.split_read_reqs : Accumulator : Sum.u64 = 0; SumSQ.u64 = 0; Count.u64 = 0; Min.u64 = 0; Max.u64 = 0; 
 core1.split_write_reqs : Accumulator : Sum.u64 = 0; SumSQ.u64 = 0; Count.u64 = 0; Min.u64 = 0; Max.u64 = 0; 
 core1.split_custom_reqs : Accumulator : Sum.u64 = 0; SumSQ.u64 = 0; Count.u64 = 0; Min.u64 = 0; Max.u64 = 0; 
 core1.cycles_with_issue : Accumulator : Sum.u64 = 114; SumSQ.u64 = 114; Count.u64 = 114; Min.u64 = 1; Max.u64 = 1; 
 core1.cycles_no_issue : Accumulator : Sum.u64 = 14077; SumSQ.u64 = 14077; Count.u64 = 14077; Min.u64 = 1; Max.u64 = 1; 
 core1.total_bytes_read : Accumulator : Sum.u64 = 512; SumSQ.u64 = 4096; Count.u64 = 64; Min.u64 = 8; Max.u64 = 8; 
 core1.total_bytes_write : Accumulator : Sum.u64 = 512; SumSQ.u64 = 4096; Count.u64 = 64; Min.u64 = 8; Max.u64 = 8; 
 core1.total_bytes_custom : Accumulator : Sum.u64 = 0; SumSQ.u64 = 0; Count.u64 = 0; Min.u64 = 0; Max.u64 = 0; 
 core1.req_latency : Accumulator : Sum.u64 = 65178; SumSQ.u64 = 65479806; Count.u64 = 128; Min.u64 = 6; Max.u64 = 1017; 
 core1.time : Accumulator : Sum.u64 = 4058; SumSQ.u64 = 16467364; Count.u64 = 1; Min.u64 = 4058; Max.u64 = 4058; 
 core1.cycles_hit_fence : Accumulator : Sum.u64 = 0; SumSQ.u64 = 0; Count.u64 = 0; Min.u64 = 0; Max.u64 = 0; 
 core1.cycles_max_issue : Accumulator : Sum.u64 = 14; SumSQ.u64 = 14; Count.u64 = 14; Min.u64 = 1; Max.u64 = 1; 
 core1.cycles_max_reorder : Accumulator : Sum.u64 = 3595; SumSQ.u64 = 3595; Count.u64 = 3595; Min.u64 = 1; Max.u64 = 1; 
 core1.cycles : Accumulator : Sum.u64 = 14192; SumSQ.u64 = 14192; Count.u64 = 14192; Min.u64 = 1; Max.u64 = 1; 
 core2.read_reqs : Accumulator : Sum.u64 = 64; SumSQ.u64 = 64; Count.u64 = 64; Min.u64 = 1; Max.u64 = 1; 
 core2.write_reqs : Accumulator : Sum.u64 = 64; SumSQ.u64 = 64; Count.u64 = 64; Min.u64 = 1; Max.u64 = 1; 
 core2.custom_reqs : Accumulator : Sum.u64 = 0; SumSQ.u64 = 0; Count.u64 = 0; Min.u64 = 0; Max.u64 = 0; 
 core2.split_read_reqs : Accumulator : Sum.u64 = 0; SumSQ.u64 = 0; Count.u64 = 0; Min.u64 = 0; Max.u64 = 0; 
 core2.split_write_reqs : Accumulator : Sum.u64 = 0; SumSQ.u64 = 0; Count.u64 = 0; Min.u64 = 0; Max.u64 = 0; 
 core2.split_custom_reqs : Accumulator : Sum.u64 = 0; SumSQ.u64 = 0; Count.u64 = 0; Min.u64 = 0; Max.u64 = 0; 
 core2.cycles_with_issue : Accumulator : Sum.u64 = 114; SumSQ.u64 = 114; Count.u64 = 114; Min.u64 = 1; Max.u64 = 1; 
 core2.cycles_no_issue : Accumulator : Sum.u64 = 14080; SumSQ.u64 = 14080; Count.u64 = 14080; Min.u64 = 1; Max.u64 = 1; 
 core2.total_bytes_read : Accumulator : Sum.u64 = 512; SumSQ.u64 = 4096; Count.u64 = 64; Min.u64 = 8; Max.u64 = 8; 
 core2.total_bytes_write : Accumulator : Sum.u64 = 512; SumSQ.u64 = 4096; Count.u64 = 64; Min.u64 = 8; Max.u64 = 8; 
 core2.total_bytes_custom : Accumulator : Sum.u64 = 0; SumSQ.u64 = 0; Count.u64 = 0; Min.u64 = 0; Max.u64 = 0; 
 core2.req_latency : Accumulator : Sum.u64 = 65188; SumSQ.u64 = 65508152; Count.u64 = 128; Min.u64 = 6; Max.u64 = 1018; 
 core2.time : Accumulator : Sum.u64 = 4059; SumSQ.u64 = 16475481; Count.u64 = 1; Min.u64 = 4059; Max.u64 = 4059; 
 core2.cycles_hit_fence : Accumulator : Sum.u64 = 0; SumSQ.u64 = 0; Count.u64 = 0; Min.u64 = 0; Max.u64 = 0; 
 core2.cycles_max_issue : Accumulator : Sum.u64 = 14; SumSQ.u64 = 14; Count.u64 = 14; Min.u64 = 1; Max.u64 = 1; 
 core2.cycles_max_reorder : Accumulator : Sum.u64 = 3598; SumSQ.u64 = 3598; Count.u64 = 3598; Min.u64 = 1; Max.u64 = 1; 
 core2.cycles : Accumulator : Sum.u64 = 14195; SumSQ.u64 = 14195; Count.u64 = 14195; Min.u64 = 1; Max.u64 = 1; 
 core3.read_reqs : Accumulator : Sum.u64 = 64; SumSQ.u64 = 64; Count.u64 = 64; Min.u64 = 1; Max.u64 = 1; 
 core3.write_reqs : Accumulator : Sum.u64 = 64; SumSQ.u64 = 64; Count.u64 = 64; Min.u64 = 1; Max.u64 = 1; 
 core3.custom_reqs : Accumulator : Sum.u64 = 0; SumSQ.u64 = 0; Count.u64 = 0; Min.u64 = 0; Max.u64 = 0; 
 core3.split_read_reqs : Accumulator : Sum.u64 = 0; SumSQ.u64 = 0; Count.u64 = 0; Min.u64 = 0; Max.u64 = 0; 
 core3.split_write_reqs : Accumulator : Sum.u64 = 0; SumSQ.u64 = 0; Count.u64 = 0; Min.u64 = 0; Max.u64 = 0; 
 core3.split_custom_reqs : Accumulator : Sum.u64 = 0; SumSQ.u64 = 0; Count.u64 = 0; Min.u64 = 0; Max.u64 = 0; 
 core3.cycles_with_issue : Accumulator : Sum.u64 = 114; SumSQ.u64 = 114; Count.u64 = 114; Min.u64 = 1; Max.u64 = 1; 
 core3.cycles_no_issue : Accumulator : Sum.u64 = 14084; SumSQ.u64 = 14084; Count.u64 = 14084; Min.u64 = 1; Max.u64 = 1; 
 core3.total_bytes_read : Accumulator : Sum.u64 = 512; SumSQ.u64 = 4096; Count.u64 = 64; Min.u64 = 8; Max.u64 = 8; 
 core3.total_bytes_write : Accumulator : Sum.u64 = 512; SumSQ.u64 = 4096; Count.u64 = 64; Min.u64 = 8; Max.u64 = 8; 
 core3.total_bytes_custom : Accumulator : Sum.u64 = 0; SumSQ.u64 = 0; Count.u64 = 0; Min.u64 = 0; Max.u64 = 0; 
 core3.req_latency : Accumulator : Sum.u64 = 65210; SumSQ.u64 = 65544790; Count.u64 = 128; Min.u64 = 6; Max.u64 = 1019; 
 core3.time : Accumulator : Sum.u64 = 4060; SumSQ.u64 = 16483600; Count.u64 = 1; Min.u64 = 4060; Max.u64 = 4060; 
 core3.cycles_hit_fence : Accumulator : Sum.u64 = 0; SumSQ.u64 = 0; Count.u64 = 0; Min.u64 = 0; Max.u64 = 0; 
 core3.cycles_max_issue : Accumulator : Sum.u64 = 14; SumSQ.u64 = 14; Count.u64 = 14; Min.u64 = 1; Max.u64 = 1; 
 core3.cycles_max_reorder : Accumulator : Sum.u64 = 3602; SumSQ.u64 = 3602; Count.u64 = 3602; Min.u64 = 1; Max.u64 = 1; 
 core3.cycles : Accumulator : Sum.u64 = 14199; SumSQ.u64 = 14199; Count.u64 = 14199; Min.u64 = 1; Max.u64 = 1; 
Simulation is complete, simulated time: 4.06091 us
