[miranda-suite-bus] Running case: shared_write_pingpong (protocol=MSI)
l2cache: No MSHR lookup latency provided (mshr_latency_cycles)...intrapolated to 2 cycles.
    Counter[l1cache3] inv=242 interv=0 getS_sent=0 getX_sent=250 getSX_sent=0 trans=492 I->S=0 I->E=0 I->M=250 S->I=0 S->E=0 S->M=0 E->I=0 E->S=0 E->M=0 M->I=242 M->S=0 M->E=0
    Counter[l1cache2] inv=250 interv=0 getS_sent=0 getX_sent=250 getSX_sent=0 trans=500 I->S=0 I->E=0 I->M=250 S->I=0 S->E=0 S->M=0 E->I=0 E->S=0 E->M=0 M->I=250 M->S=0 M->E=0
    Counter[l1cache1] inv=250 interv=0 getS_sent=0 getX_sent=250 getSX_sent=0 trans=500 I->S=0 I->E=0 I->M=250 S->I=0 S->E=0 S->M=0 E->I=0 E->S=0 E->M=0 M->I=250 M->S=0 M->E=0
    Counter[l1cache0] inv=250 interv=0 getS_sent=0 getX_sent=250 getSX_sent=0 trans=500 I->S=0 I->E=0 I->M=250 S->I=0 S->E=0 S->M=0 E->I=0 E->S=0 E->M=0 M->I=250 M->S=0 M->E=0
 core0.read_reqs : Accumulator : Sum.u64 = 0; SumSQ.u64 = 0; Count.u64 = 0; Min.u64 = 0; Max.u64 = 0; 
 core0.write_reqs : Accumulator : Sum.u64 = 2000; SumSQ.u64 = 2000; Count.u64 = 2000; Min.u64 = 1; Max.u64 = 1; 
 core0.custom_reqs : Accumulator : Sum.u64 = 0; SumSQ.u64 = 0; Count.u64 = 0; Min.u64 = 0; Max.u64 = 0; 
 core0.split_read_reqs : Accumulator : Sum.u64 = 0; SumSQ.u64 = 0; Count.u64 = 0; Min.u64 = 0; Max.u64 = 0; 
 core0.split_write_reqs : Accumulator : Sum.u64 = 0; SumSQ.u64 = 0; Count.u64 = 0; Min.u64 = 0; Max.u64 = 0; 
 core0.split_custom_reqs : Accumulator : Sum.u64 = 0; SumSQ.u64 = 0; Count.u64 = 0; Min.u64 = 0; Max.u64 = 0; 
 core0.cycles_with_issue : Accumulator : Sum.u64 = 1494; SumSQ.u64 = 1494; Count.u64 = 1494; Min.u64 = 1; Max.u64 = 1; 
 core0.cycles_no_issue : Accumulator : Sum.u64 = 17847; SumSQ.u64 = 17847; Count.u64 = 17847; Min.u64 = 1; Max.u64 = 1; 
 core0.total_bytes_read : Accumulator : Sum.u64 = 0; SumSQ.u64 = 0; Count.u64 = 0; Min.u64 = 0; Max.u64 = 0; 
 core0.total_bytes_write : Accumulator : Sum.u64 = 16000; SumSQ.u64 = 128000; Count.u64 = 2000; Min.u64 = 8; Max.u64 = 8; 
 core0.total_bytes_custom : Accumulator : Sum.u64 = 0; SumSQ.u64 = 0; Count.u64 = 0; Min.u64 = 0; Max.u64 = 0; 
 core0.req_latency : Accumulator : Sum.u64 = 88238; SumSQ.u64 = 65576430; Count.u64 = 2000; Min.u64 = 11; Max.u64 = 1011; 
 core0.time : Accumulator : Sum.u64 = 5531; SumSQ.u64 = 30591961; Count.u64 = 1; Min.u64 = 5531; Max.u64 = 5531; 
 core0.cycles_hit_fence : Accumulator : Sum.u64 = 0; SumSQ.u64 = 0; Count.u64 = 0; Min.u64 = 0; Max.u64 = 0; 
 core0.cycles_max_issue : Accumulator : Sum.u64 = 506; SumSQ.u64 = 506; Count.u64 = 506; Min.u64 = 1; Max.u64 = 1; 
 core0.cycles_max_reorder : Accumulator : Sum.u64 = 0; SumSQ.u64 = 0; Count.u64 = 0; Min.u64 = 0; Max.u64 = 0; 
 core0.cycles : Accumulator : Sum.u64 = 19342; SumSQ.u64 = 19342; Count.u64 = 19342; Min.u64 = 1; Max.u64 = 1; 
 core1.read_reqs : Accumulator : Sum.u64 = 0; SumSQ.u64 = 0; Count.u64 = 0; Min.u64 = 0; Max.u64 = 0; 
 core1.write_reqs : Accumulator : Sum.u64 = 2000; SumSQ.u64 = 2000; Count.u64 = 2000; Min.u64 = 1; Max.u64 = 1; 
 core1.custom_reqs : Accumulator : Sum.u64 = 0; SumSQ.u64 = 0; Count.u64 = 0; Min.u64 = 0; Max.u64 = 0; 
 core1.split_read_reqs : Accumulator : Sum.u64 = 0; SumSQ.u64 = 0; Count.u64 = 0; Min.u64 = 0; Max.u64 = 0; 
 core1.split_write_reqs : Accumulator : Sum.u64 = 0; SumSQ.u64 = 0; Count.u64 = 0; Min.u64 = 0; Max.u64 = 0; 
 core1.split_custom_reqs : Accumulator : Sum.u64 = 0; SumSQ.u64 = 0; Count.u64 = 0; Min.u64 = 0; Max.u64 = 0; 
 core1.cycles_with_issue : Accumulator : Sum.u64 = 1492; SumSQ.u64 = 1492; Count.u64 = 1492; Min.u64 = 1; Max.u64 = 1; 
 core1.cycles_no_issue : Accumulator : Sum.u64 = 17874; SumSQ.u64 = 17874; Count.u64 = 17874; Min.u64 = 1; Max.u64 = 1; 
 core1.total_bytes_read : Accumulator : Sum.u64 = 0; SumSQ.u64 = 0; Count.u64 = 0; Min.u64 = 0; Max.u64 = 0; 
 core1.total_bytes_write : Accumulator : Sum.u64 = 16000; SumSQ.u64 = 128000; Count.u64 = 2000; Min.u64 = 8; Max.u64 = 8; 
 core1.total_bytes_custom : Accumulator : Sum.u64 = 0; SumSQ.u64 = 0; Count.u64 = 0; Min.u64 = 0; Max.u64 = 0; 
 core1.req_latency : Accumulator : Sum.u64 = 88345; SumSQ.u64 = 65795285; Count.u64 = 2000; Min.u64 = 11; Max.u64 = 1017; 
 core1.time : Accumulator : Sum.u64 = 5538; SumSQ.u64 = 30669444; Count.u64 = 1; Min.u64 = 5538; Max.u64 = 5538; 
 core1.cycles_hit_fence : Accumulator : Sum.u64 = 0; SumSQ.u64 = 0; Count.u64 = 0; Min.u64 = 0; Max.u64 = 0; 
 core1.cycles_max_issue : Accumulator : Sum.u64 = 508; SumSQ.u64 = 508; Count.u64 = 508; Min.u64 = 1; Max.u64 = 1; 
 core1.cycles_max_reorder : Accumulator : Sum.u64 = 0; SumSQ.u64 = 0; Count.u64 = 0; Min.u64 = 0; Max.u64 = 0; 
 core1.cycles : Accumulator : Sum.u64 = 19367; SumSQ.u64 = 19367; Count.u64 = 19367; Min.u64 = 1; Max.u64 = 1; 
 core2.read_reqs : Accumulator : Sum.u64 = 0; SumSQ.u64 = 0; Count.u64 = 0; Min.u64 = 0; Max.u64 = 0; 
 core2.write_reqs : Accumulator : Sum.u64 = 2000; SumSQ.u64 = 2000; Count.u64 = 2000; Min.u64 = 1; Max.u64 = 1; 
 core2.custom_reqs : Accumulator : Sum.u64 = 0; SumSQ.u64 = 0; Count.u64 = 0; Min.u64 = 0; Max.u64 = 0; 
 core2.split_read_reqs : Accumulator : Sum.u64 = 0; SumSQ.u64 = 0; Count.u64 = 0; Min.u64 = 0; Max.u64 = 0; 
 core2.split_write_reqs : Accumulator : Sum.u64 = 0; SumSQ.u64 = 0; Count.u64 = 0; Min.u64 = 0; Max.u64 = 0; 
 core2.split_custom_reqs : Accumulator : Sum.u64 = 0; SumSQ.u64 = 0; Count.u64 = 0; Min.u64 = 0; Max.u64 = 0; 
 core2.cycles_with_issue : Accumulator : Sum.u64 = 1493; SumSQ.u64 = 1493; Count.u64 = 1493; Min.u64 = 1; Max.u64 = 1; 
 core2.cycles_no_issue : Accumulator : Sum.u64 = 17897; SumSQ.u64 = 17897; Count.u64 = 17897; Min.u64 = 1; Max.u64 = 1; 
 core2.total_bytes_read : Accumulator : Sum.u64 = 0; SumSQ.u64 = 0; Count.u64 = 0; Min.u64 = 0; Max.u64 = 0; 
 core2.total_bytes_write : Accumulator : Sum.u64 = 16000; SumSQ.u64 = 128000; Count.u64 = 2000; Min.u64 = 8; Max.u64 = 8; 
 core2.total_bytes_custom : Accumulator : Sum.u64 = 0; SumSQ.u64 = 0; Count.u64 = 0; Min.u64 = 0; Max.u64 = 0; 
 core2.req_latency : Accumulator : Sum.u64 = 88463; SumSQ.u64 = 66003759; Count.u64 = 2000; Min.u64 = 11; Max.u64 = 1024; 
 core2.time : Accumulator : Sum.u64 = 5545; SumSQ.u64 = 30747025; Count.u64 = 1; Min.u64 = 5545; Max.u64 = 5545; 
 core2.cycles_hit_fence : Accumulator : Sum.u64 = 0; SumSQ.u64 = 0; Count.u64 = 0; Min.u64 = 0; Max.u64 = 0; 
 core2.cycles_max_issue : Accumulator : Sum.u64 = 507; SumSQ.u64 = 507; Count.u64 = 507; Min.u64 = 1; Max.u64 = 1; 
 core2.cycles_max_reorder : Accumulator : Sum.u64 = 0; SumSQ.u64 = 0; Count.u64 = 0; Min.u64 = 0; Max.u64 = 0; 
 core2.cycles : Accumulator : Sum.u64 = 19391; SumSQ.u64 = 19391; Count.u64 = 19391; Min.u64 = 1; Max.u64 = 1; 
 core3.read_reqs : Accumulator : Sum.u64 = 0; SumSQ.u64 = 0; Count.u64 = 0; Min.u64 = 0; Max.u64 = 0; 
 core3.write_reqs : Accumulator : Sum.u64 = 2000; SumSQ.u64 = 2000; Count.u64 = 2000; Min.u64 = 1; Max.u64 = 1; 
 core3.custom_reqs : Accumulator : Sum.u64 = 0; SumSQ.u64 = 0; Count.u64 = 0; Min.u64 = 0; Max.u64 = 0; 
 core3.split_read_reqs : Accumulator : Sum.u64 = 0; SumSQ.u64 = 0; Count.u64 = 0; Min.u64 = 0; Max.u64 = 0; 
 core3.split_write_reqs : Accumulator : Sum.u64 = 0; SumSQ.u64 = 0; Count.u64 = 0; Min.u64 = 0; Max.u64 = 0; 
 core3.split_custom_reqs : Accumulator : Sum.u64 = 0; SumSQ.u64 = 0; Count.u64 = 0; Min.u64 = 0; Max.u64 = 0; 
 core3.cycles_with_issue : Accumulator : Sum.u64 = 1492; SumSQ.u64 = 1492; Count.u64 = 1492; Min.u64 = 1; Max.u64 = 1; 
 core3.cycles_no_issue : Accumulator : Sum.u64 = 17922; SumSQ.u64 = 17922; Count.u64 = 17922; Min.u64 = 1; Max.u64 = 1; 
 core3.total_bytes_read : Accumulator : Sum.u64 = 0; SumSQ.u64 = 0; Count.u64 = 0; Min.u64 = 0; Max.u64 = 0; 
 core3.total_bytes_write : Accumulator : Sum.u64 = 16000; SumSQ.u64 = 128000; Count.u64 = 2000; Min.u64 = 8; Max.u64 = 8; 
 core3.total_bytes_custom : Accumulator : Sum.u64 = 0; SumSQ.u64 = 0; Count.u64 = 0; Min.u64 = 0; Max.u64 = 0; 
 core3.req_latency : Accumulator : Sum.u64 = 88571; SumSQ.u64 = 66211047; Count.u64 = 2000; Min.u64 = 11; Max.u64 = 1030; 
 core3.time : Accumulator : Sum.u64 = 5552; SumSQ.u64 = 30824704; Count.u64 = 1; Min.u64 = 5552; Max.u64 = 5552; 
 core3.cycles_hit_fence : Accumulator : Sum.u64 = 0; SumSQ.u64 = 0; Count.u64 = 0; Min.u64 = 0; Max.u64 = 0; 
 core3.cycles_max_issue : Accumulator : Sum.u64 = 508; SumSQ.u64 = 508; Count.u64 = 508; Min.u64 = 1; Max.u64 = 1; 
 core3.cycles_max_reorder : Accumulator : Sum.u64 = 0; SumSQ.u64 = 0; Count.u64 = 0; Min.u64 = 0; Max.u64 = 0; 
 core3.cycles : Accumulator : Sum.u64 = 19415; SumSQ.u64 = 19415; Count.u64 = 19415; Min.u64 = 1; Max.u64 = 1; 
Simulation is complete, simulated time: 5.55269 us
